// Jest Snapshot v1, https://goo.gl/fbAQLP

exports[`Catalog should match snapshot 1`] = `ShallowWrapper {}`;
