// Jest Snapshot v1, https://goo.gl/fbAQLP

exports[`Profile Profile Component should match snapshot 1`] = `ShallowWrapper {}`;
