// Jest Snapshot v1, https://goo.gl/fbAQLP

exports[`Showcase Showcase Component should match snapshot 1`] = `ShallowWrapper {}`;
